../Core/Src/main.c:74:5:main	8	static
../Core/Src/main.c:130:6:SystemClock_Config	72	static
../Core/Src/main.c:167:13:MX_I2C1_Init	8	static
../Core/Src/main.c:201:13:MX_SPI1_Init	8	static
../Core/Src/main.c:239:13:MX_GPIO_Init	32	static
../Core/Src/main.c:272:1:HAL_GPIO_EXTI_Callback	16	static
../Core/Src/main.c:296:6:ler_memoria	4	static
../Core/Src/main.c:299:6:atualiza_memoria	4	static
../Core/Src/main.c:302:6:atualiza_tela	4	static
../Core/Src/main.c:305:6:reseta_memoria	4	static
../Core/Src/main.c:308:6:informa_reset_na_tela	4	static
../Core/Src/main.c:317:6:Error_Handler	4	static,ignoring_inline_asm
