../Core/Src/main.c:109:5:main	184	static
../Core/Src/main.c:260:6:SystemClock_Config	72	static
../Core/Src/main.c:297:13:MX_SPI1_Init	8	static
../Core/Src/main.c:335:13:MX_GPIO_Init	32	static
../Core/Src/main.c:374:6:main_game	16	static
../Core/Src/main.c:392:6:buttons_p1	56	static
../Core/Src/main.c:455:6:p2_buttons	56	static
../Core/Src/main.c:513:6:p1_jogador	48	static
../Core/Src/main.c:632:6:p2_jogador	40	static
../Core/Src/main.c:750:6:display	48	static
../Core/Src/main.c:839:6:Error_Handler	4	static,ignoring_inline_asm
